// Jest Snapshot v1, https://goo.gl/fbAQLP

exports[`button is a div 1`] = `
<button>
  test
</button>
`;
